// Jest Snapshot v1, https://goo.gl/fbAQLP

exports[`snapshots App snapshots 1`] = `
<div
  className="App"
>
  <Main />
</div>
`;

exports[`snapshots Main snapshots 1`] = `
<div
  className="parentContainer"
>
  <h1>
    Book Search Tool
  </h1>
  <div
    className="search-field-container"
  >
    <form
      onSubmit={[Function]}
    >
      <input
        onChange={[Function]}
        placeholder="Search..."
        type="search"
        value=""
      />
      <button
        type="submit"
      >
        Search
      </button>
    </form>
  </div>
</div>
`;
